// Vitest Snapshot v1, https://vitest.dev/guide/snapshot.html

exports[`Testcase default 1`] = `
{
  "modules": [
    {
      "declarations": [
        {
          "customElement": true,
          "description": "",
          "kind": "class",
          "name": "MyComponent",
          "superclass": {
            "name": "HTMLElement",
          },
          "vividComponent": {
            "name": "component-name",
            "public": true,
            "vueModels": [
              {
                "eventNames": [
                  "event-name1",
                  "event-name2",
                ],
                "name": "model-name",
                "propName": "prop-name",
                "valueMapping": "event.value",
              },
            ],
          },
        },
        {
          "customElement": true,
          "description": "",
          "kind": "class",
          "name": "MyPrivateComponent",
          "superclass": {
            "name": "HTMLElement",
          },
          "vividComponent": {
            "name": "private-component-name",
          },
        },
      ],
      "exports": [
        {
          "declaration": {
            "module": "my-element.js",
            "name": "MyComponent",
          },
          "kind": "js",
          "name": "MyComponent",
        },
        {
          "declaration": {
            "module": "my-element.js",
            "name": "MyPrivateComponent",
          },
          "kind": "js",
          "name": "MyPrivateComponent",
        },
      ],
      "kind": "javascript-module",
      "path": "my-element.js",
    },
  ],
  "readme": "",
  "schemaVersion": "1.0.0",
}
`;
