// Vitest Snapshot v1, https://vitest.dev/guide/snapshot.html

exports[`improvedMixinSupportPlugin > should produce correct results for testcase default 1`] = `
{
  "modules": [
    {
      "declarations": [
        {
          "attributes": [
            {
              "name": "attribute",
            },
          ],
          "description": "",
          "events": [
            {
              "name": "mixin-event",
            },
          ],
          "kind": "mixin",
          "members": [
            {
              "kind": "field",
              "name": "attribute",
              "type": {
                "text": "string | undefined",
              },
            },
            {
              "kind": "field",
              "name": "property",
              "type": {
                "text": "string | undefined",
              },
            },
            {
              "kind": "method",
              "name": "method",
              "return": {
                "type": {
                  "text": "void",
                },
              },
            },
          ],
          "name": "MyMixin",
          "parameters": [
            {
              "name": "Base",
              "type": {
                "text": "T",
              },
            },
          ],
          "slots": [
            {
              "name": "mixin-slot",
            },
          ],
        },
      ],
      "exports": [
        {
          "declaration": {
            "module": "my-element.js",
            "name": "MyMixin",
          },
          "kind": "js",
          "name": "MyMixin",
        },
      ],
      "kind": "javascript-module",
      "path": "my-element.js",
    },
  ],
  "readme": "",
  "schemaVersion": "1.0.0",
}
`;
